// Jest Snapshot v1, https://goo.gl/fbAQLP

exports[`App test snapshot 1`] = `
<div
  className="app"
>
  <div
    className="wrapper"
  >
    <div
      className="calculator"
      data-testid="calculator"
    >
      <div
        className="display"
        data-testid="display"
      >
        <div
          className="expression"
        >
          <span
            className=""
            data-testid="expression"
          >
            <i />
          </span>
        </div>
        <div
          className="result"
          data-testid="result"
        >
          0
        </div>
      </div>
      <div
        className="keyboard"
        data-testid="keyboard"
        onClick={[Function]}
      >
        <div
          className="btn"
          data-char="C"
          data-testid="keyboard-btn"
        >
          <div>
            C
          </div>
        </div>
        <div
          className="btn"
          data-char="√"
          data-testid="keyboard-btn"
        >
          <div>
            √
          </div>
        </div>
        <div
          className="btn"
          data-char="%"
          data-testid="keyboard-btn"
        >
          <div>
            %
          </div>
        </div>
        <div
          className="btn"
          data-char="/"
          data-testid="keyboard-btn"
        >
          <div>
            /
          </div>
        </div>
        <div
          className="btn"
          data-char="7"
          data-testid="keyboard-btn"
        >
          <div>
            7
          </div>
        </div>
        <div
          className="btn"
          data-char="8"
          data-testid="keyboard-btn"
        >
          <div>
            8
          </div>
        </div>
        <div
          className="btn"
          data-char="9"
          data-testid="keyboard-btn"
        >
          <div>
            9
          </div>
        </div>
        <div
          className="btn"
          data-char="×"
          data-testid="keyboard-btn"
        >
          <div>
            ×
          </div>
        </div>
        <div
          className="btn"
          data-char="4"
          data-testid="keyboard-btn"
        >
          <div>
            4
          </div>
        </div>
        <div
          className="btn"
          data-char="5"
          data-testid="keyboard-btn"
        >
          <div>
            5
          </div>
        </div>
        <div
          className="btn"
          data-char="6"
          data-testid="keyboard-btn"
        >
          <div>
            6
          </div>
        </div>
        <div
          className="btn"
          data-char="-"
          data-testid="keyboard-btn"
        >
          <div>
            -
          </div>
        </div>
        <div
          className="btn"
          data-char="1"
          data-testid="keyboard-btn"
        >
          <div>
            1
          </div>
        </div>
        <div
          className="btn"
          data-char="2"
          data-testid="keyboard-btn"
        >
          <div>
            2
          </div>
        </div>
        <div
          className="btn"
          data-char="3"
          data-testid="keyboard-btn"
        >
          <div>
            3
          </div>
        </div>
        <div
          className="btn"
          data-char="+"
          data-testid="keyboard-btn"
        >
          <div>
            +
          </div>
        </div>
        <div
          className="btn"
          data-char="00"
          data-testid="keyboard-btn"
        >
          <div>
            00
          </div>
        </div>
        <div
          className="btn"
          data-char="0"
          data-testid="keyboard-btn"
        >
          <div>
            0
          </div>
        </div>
        <div
          className="btn"
          data-char=","
          data-testid="keyboard-btn"
        >
          <div>
            ,
          </div>
        </div>
        <div
          className="btn"
          data-char="="
          data-testid="keyboard-btn"
        >
          <div>
            =
          </div>
        </div>
      </div>
    </div>
  </div>
</div>
`;
